Starting backup...
Dumping database test_lomb...
Determining files to backup...
Zipping 17732 files and directories...
Created zip containing 17732 files and directories. Size is 63.91 MB
Copying zip to disk named local...
Successfully copied zip to disk named local.
Sending notification failed
Backup completed!
Starting backup...
Dumping database test_lomb...
Determining files to backup...
Zipping 8857 files and directories...
Created zip containing 8857 files and directories. Size is 63.9 MB
Copying zip to disk named local...
Successfully copied zip to disk named local.
Sending notification failed
Backup completed!
Starting backup...
Dumping database test_lomb...
Determining files to backup...
Zipping 8866 files and directories...
Created zip containing 8866 files and directories. Size is 63.91 MB
Copying zip to disk named local...
Successfully copied zip to disk named local.
Sending notification failed
Backup completed!
Starting backup...
Dumping database test_lomb...
Determining files to backup...
Zipping 8866 files and directories...
Created zip containing 8866 files and directories. Size is 63.91 MB
Copying zip to disk named local...
Successfully copied zip to disk named local.
Sending notification failed
Backup completed!
Starting backup...
Dumping database test_lomb...
Determining files to backup...
Zipping 8866 files and directories...
Created zip containing 8866 files and directories. Size is 63.91 MB
Copying zip to disk named local...
Successfully copied zip to disk named local.
Sending notification failed
Backup completed!
Starting backup...
Dumping database test_lomb...
Determining files to backup...
Zipping 9024 files and directories...
Created zip containing 9024 files and directories. Size is 63.99 MB
Copying zip to disk named local...
Successfully copied zip to disk named local.
Sending notification failed
Backup completed!
Starting backup...
Dumping database test_lomb...
Determining files to backup...
Zipping 8985 files and directories...
Created zip containing 8985 files and directories. Size is 64 MB
Copying zip to disk named local...
Successfully copied zip to disk named local.
Sending notification failed
Backup completed!
Starting backup...
Dumping database test_lomb...
Determining files to backup...
Zipping 9065 files and directories...
Created zip containing 9065 files and directories. Size is 64.11 MB
Copying zip to disk named local...
Successfully copied zip to disk named local.
Sending notification failed
Backup completed!
Starting backup...
Dumping database test_lomb...
Determining files to backup...
Zipping 9041 files and directories...
Created zip containing 9041 files and directories. Size is 64.11 MB
Copying zip to disk named local...
Successfully copied zip to disk named local.
Sending notification failed
Backup completed!
Starting backup...
Dumping database test_lomb...
Determining files to backup...
Zipping 9090 files and directories...
Created zip containing 9090 files and directories. Size is 64.16 MB
Copying zip to disk named local...
Successfully copied zip to disk named local.
Sending notification failed
Backup completed!
Starting backup...
Dumping database test_lomb...
Determining files to backup...
Zipping 9221 files and directories...
Created zip containing 9221 files and directories. Size is 64.24 MB
Copying zip to disk named local...
Successfully copied zip to disk named local.
Sending notification failed
Backup completed!
Starting backup...
Dumping database test_lomb...
Determining files to backup...
Zipping 9255 files and directories...
Created zip containing 9255 files and directories. Size is 64.26 MB
Copying zip to disk named local...
Successfully copied zip to disk named local.
Sending notification failed
Backup completed!
Starting backup...
Dumping database test_lomb...
Determining files to backup...
Zipping 9091 files and directories...
Created zip containing 9091 files and directories. Size is 64.19 MB
Copying zip to disk named local...
Successfully copied zip to disk named local.
Sending notification failed
Backup completed!
Starting backup...
Dumping database test_lomb...
Determining files to backup...
Zipping 9170 files and directories...
Created zip containing 9170 files and directories. Size is 64.22 MB
Copying zip to disk named local...
Successfully copied zip to disk named local.
Sending notification failed
Backup completed!
Starting backup...
Dumping database test_lomb...
Determining files to backup...
Zipping 9148 files and directories...
Created zip containing 9148 files and directories. Size is 64.22 MB
Copying zip to disk named local...
Successfully copied zip to disk named local.
Sending notification failed
Backup completed!
Starting backup...
Dumping database test_lomb...
Determining files to backup...
Zipping 9195 files and directories...
Created zip containing 9195 files and directories. Size is 64.49 MB
Copying zip to disk named local...
Successfully copied zip to disk named local.
Sending notification failed
Backup completed!
Starting backup...
Dumping database test_lomb...
Determining files to backup...
Zipping 9242 files and directories...
Created zip containing 9242 files and directories. Size is 64.52 MB
Copying zip to disk named local...
Successfully copied zip to disk named local.
Sending notification failed
Backup completed!
Starting backup...
Dumping database test_lomb...
Determining files to backup...
Zipping 9215 files and directories...
Created zip containing 9215 files and directories. Size is 64.51 MB
Copying zip to disk named local...
Successfully copied zip to disk named local.
Sending notification failed
Backup completed!
Starting backup...
Dumping database test_lomb...
Determining files to backup...
Zipping 9263 files and directories...
Created zip containing 9263 files and directories. Size is 64.53 MB
Copying zip to disk named local...
Successfully copied zip to disk named local.
Sending notification failed
Backup completed!
Starting backup...
Dumping database test_lomb...
Determining files to backup...
Zipping 9236 files and directories...
Created zip containing 9236 files and directories. Size is 64.52 MB
Copying zip to disk named local...
Successfully copied zip to disk named local.
Sending notification failed
Backup completed!
Starting backup...
Dumping database test_lomb...
Determining files to backup...
Zipping 9226 files and directories...
Created zip containing 9226 files and directories. Size is 64.52 MB
Copying zip to disk named local...
Successfully copied zip to disk named local.
Sending notification failed
Backup completed!
Starting backup...
Dumping database test_lomb...
Determining files to backup...
Zipping 9216 files and directories...
Created zip containing 9216 files and directories. Size is 64.51 MB
Copying zip to disk named local...
Successfully copied zip to disk named local.
Sending notification failed
Backup completed!
Starting backup...
Dumping database test_lomb...
Determining files to backup...
Zipping 9208 files and directories...
Created zip containing 9208 files and directories. Size is 64.51 MB
Copying zip to disk named local...
Successfully copied zip to disk named local.
Sending notification failed
Backup completed!
Starting backup...
Dumping database test_lomb...
Determining files to backup...
Zipping 9242 files and directories...
Created zip containing 9242 files and directories. Size is 64.52 MB
Copying zip to disk named local...
Successfully copied zip to disk named local.
Sending notification failed
Backup completed!
Starting backup...
Dumping database test_lomb...
Determining files to backup...
Zipping 9224 files and directories...
Created zip containing 9224 files and directories. Size is 64.52 MB
Copying zip to disk named local...
Successfully copied zip to disk named local.
Sending notification failed
Backup completed!
Starting backup...
Dumping database test_lomb...
Determining files to backup...
Zipping 9850 files and directories...
Created zip containing 9850 files and directories. Size is 64.78 MB
Copying zip to disk named local...
Successfully copied zip to disk named local.
Sending notification failed
Backup completed!
Starting backup...
Dumping database test_lomb...
Determining files to backup...
Zipping 9902 files and directories...
Created zip containing 9902 files and directories. Size is 64.8 MB
Copying zip to disk named local...
Successfully copied zip to disk named local.
Sending notification failed
Backup completed!
Starting backup...
Dumping database test_lomb...
Determining files to backup...
Zipping 9939 files and directories...
Created zip containing 9939 files and directories. Size is 64.81 MB
Copying zip to disk named local...
Successfully copied zip to disk named local.
Sending notification failed
Backup completed!
Starting backup...
Dumping database test_lomb...
Determining files to backup...
Zipping 9983 files and directories...
Created zip containing 9983 files and directories. Size is 64.83 MB
Copying zip to disk named local...
Successfully copied zip to disk named local.
Sending notification failed
Backup completed!
Starting backup...
Dumping database test_lomb...
Determining files to backup...
Zipping 10037 files and directories...
Created zip containing 10037 files and directories. Size is 64.86 MB
Copying zip to disk named local...
Successfully copied zip to disk named local.
Sending notification failed
Backup completed!
Starting backup...
Dumping database test_lomb...
Determining files to backup...
Zipping 9236 files and directories...
Created zip containing 9236 files and directories. Size is 64.53 MB
Copying zip to disk named local...
Successfully copied zip to disk named local.
Sending notification failed
Backup completed!
Starting backup...
Dumping database test_lomb...
Determining files to backup...
Zipping 9259 files and directories...
Created zip containing 9259 files and directories. Size is 64.61 MB
Copying zip to disk named local...
Successfully copied zip to disk named local.
Sending notification failed
Backup completed!
Starting backup...
Dumping database test_lomb...
Determining files to backup...
Zipping 9257 files and directories...
Created zip containing 9257 files and directories. Size is 64.61 MB
Copying zip to disk named local...
Successfully copied zip to disk named local.
Sending notification failed
Backup completed!
Starting backup...
Dumping database test_lomb...
Determining files to backup...
Zipping 9301 files and directories...
Created zip containing 9301 files and directories. Size is 64.55 MB
Copying zip to disk named local...
Successfully copied zip to disk named local.
Sending notification failed
Backup completed!
Starting backup...
Dumping database test_lomb...
Determining files to backup...
Zipping 9279 files and directories...
Created zip containing 9279 files and directories. Size is 64.54 MB
Copying zip to disk named local...
Successfully copied zip to disk named local.
Sending notification failed
Backup completed!
Starting backup...
Dumping database test_lomb...
Determining files to backup...
Zipping 9295 files and directories...
Created zip containing 9295 files and directories. Size is 64.54 MB
Copying zip to disk named local...
Successfully copied zip to disk named local.
Sending notification failed
Backup completed!
Starting backup...
Dumping database test_lomb...
Determining files to backup...
Zipping 9336 files and directories...
Created zip containing 9336 files and directories. Size is 64.56 MB
Copying zip to disk named local...
Successfully copied zip to disk named local.
Sending notification failed
Backup completed!
Starting backup...
Dumping database test_lomb...
Determining files to backup...
Zipping 9375 files and directories...
Created zip containing 9375 files and directories. Size is 64.58 MB
Copying zip to disk named local...
Successfully copied zip to disk named local.
Sending notification failed
Backup completed!
Starting backup...
Dumping database test_lomb...
Determining files to backup...
Zipping 9414 files and directories...
Created zip containing 9414 files and directories. Size is 64.59 MB
Copying zip to disk named local...
Successfully copied zip to disk named local.
Sending notification failed
Backup completed!
Starting backup...
Dumping database test_lomb...
Determining files to backup...
Zipping 9460 files and directories...
Created zip containing 9460 files and directories. Size is 64.61 MB
Copying zip to disk named local...
Successfully copied zip to disk named local.
Sending notification failed
Backup completed!
Starting backup...
Dumping database test_lomb...
Determining files to backup...
Zipping 9297 files and directories...
Created zip containing 9297 files and directories. Size is 64.55 MB
Copying zip to disk named local...
Successfully copied zip to disk named local.
Sending notification failed
Backup completed!
Starting backup...
Dumping database test_lomb...
Determining files to backup...
Zipping 9343 files and directories...
Created zip containing 9343 files and directories. Size is 64.57 MB
Copying zip to disk named local...
Successfully copied zip to disk named local.
Sending notification failed
Backup completed!
Starting backup...
Dumping database test_lomb...
Determining files to backup...
Zipping 9384 files and directories...
Created zip containing 9384 files and directories. Size is 64.59 MB
Copying zip to disk named local...
Successfully copied zip to disk named local.
Sending notification failed
Backup completed!
Starting backup...
Dumping database test_lomb...
Determining files to backup...
Zipping 9350 files and directories...
Created zip containing 9350 files and directories. Size is 64.74 MB
Copying zip to disk named local...
Successfully copied zip to disk named local.
Sending notification failed
Backup completed!
Starting backup...
Dumping database test_lomb...
Determining files to backup...
Zipping 9357 files and directories...
Created zip containing 9357 files and directories. Size is 64.74 MB
Copying zip to disk named local...
Successfully copied zip to disk named local.
Sending notification failed
Backup completed!
Starting backup...
Dumping database test_lomb...
Determining files to backup...
Zipping 9360 files and directories...
Created zip containing 9360 files and directories. Size is 64.75 MB
Copying zip to disk named local...
Successfully copied zip to disk named local.
Sending notification failed
Backup completed!
Starting backup...
Dumping database test_lomb...
Determining files to backup...
Zipping 9414 files and directories...
Created zip containing 9414 files and directories. Size is 64.77 MB
Copying zip to disk named local...
Successfully copied zip to disk named local.
Sending notification failed
Backup completed!
Starting backup...
Dumping database test_lomb...
Determining files to backup...
Zipping 9438 files and directories...
Created zip containing 9438 files and directories. Size is 64.78 MB
Copying zip to disk named local...
Successfully copied zip to disk named local.
Sending notification failed
Backup completed!
Starting backup...
Dumping database test_lomb...
Determining files to backup...
Zipping 9374 files and directories...
Created zip containing 9374 files and directories. Size is 64.75 MB
Copying zip to disk named local...
Successfully copied zip to disk named local.
Sending notification failed
Backup completed!
Starting backup...
Dumping database test_lomb...
Determining files to backup...
Zipping 9366 files and directories...
Created zip containing 9366 files and directories. Size is 64.75 MB
Copying zip to disk named local...
Successfully copied zip to disk named local.
Sending notification failed
Backup completed!
Starting backup...
Dumping database test_lomb...
Determining files to backup...
Zipping 9450 files and directories...
Created zip containing 9450 files and directories. Size is 65 MB
Copying zip to disk named local...
Successfully copied zip to disk named local.
Sending notification failed
Backup completed!
Starting backup...
Dumping database test_lomb...
Determining files to backup...
Zipping 9423 files and directories...
Created zip containing 9423 files and directories. Size is 65.01 MB
Copying zip to disk named local...
Successfully copied zip to disk named local.
Sending notification failed
Backup completed!
Starting backup...
Dumping database test_lomb...
Determining files to backup...
Zipping 9482 files and directories...
Created zip containing 9482 files and directories. Size is 65.04 MB
Copying zip to disk named local...
Successfully copied zip to disk named local.
Sending notification failed
Backup completed!
Starting backup...
Dumping database test_lomb...
Determining files to backup...
Zipping 9608 files and directories...
Created zip containing 9608 files and directories. Size is 65.09 MB
Copying zip to disk named local...
Successfully copied zip to disk named local.
Sending notification failed
Backup completed!
Starting backup...
Dumping database test_lomb...
Determining files to backup...
Zipping 9364 files and directories...
Created zip containing 9364 files and directories. Size is 65.03 MB
Copying zip to disk named local...
Successfully copied zip to disk named local.
Sending notification failed
Backup completed!
Starting backup...
Dumping database test_lomb...
Determining files to backup...
Zipping 9462 files and directories...
Created zip containing 9462 files and directories. Size is 65.1 MB
Copying zip to disk named local...
Successfully copied zip to disk named local.
Sending notification failed
Backup completed!
Starting backup...
Dumping database test_lomb...
Determining files to backup...
Zipping 9419 files and directories...
Created zip containing 9419 files and directories. Size is 65.02 MB
Copying zip to disk named local...
Successfully copied zip to disk named local.
Sending notification failed
Backup completed!
Starting backup...
Dumping database test_lomb...
Determining files to backup...
Zipping 9495 files and directories...
Created zip containing 9495 files and directories. Size is 65.18 MB
Copying zip to disk named local...
Successfully copied zip to disk named local.
Sending notification failed
Backup completed!
Starting backup...
Dumping database test_lomb...
Determining files to backup...
Zipping 9562 files and directories...
Created zip containing 9562 files and directories. Size is 65.26 MB
Copying zip to disk named local...
Successfully copied zip to disk named local.
Sending notification failed
Backup completed!
Starting backup...
Dumping database test_lomb...
Determining files to backup...
Zipping 9589 files and directories...
Created zip containing 9589 files and directories. Size is 65.3 MB
Copying zip to disk named local...
Successfully copied zip to disk named local.
Sending notification failed
Backup completed!
Starting backup...
Dumping database test_lomb...
Determining files to backup...
Zipping 9626 files and directories...
Created zip containing 9626 files and directories. Size is 65.58 MB
Copying zip to disk named local...
Successfully copied zip to disk named local.
Sending notification failed
Backup completed!
Starting backup...
Dumping database test_lomb...
Determining files to backup...
Zipping 9661 files and directories...
Created zip containing 9661 files and directories. Size is 65.88 MB
Copying zip to disk named local...
Successfully copied zip to disk named local.
Sending notification failed
Backup completed!
Starting backup...
Dumping database test_lomb...
Determining files to backup...
Zipping 9665 files and directories...
Created zip containing 9665 files and directories. Size is 65.88 MB
Copying zip to disk named local...
Successfully copied zip to disk named local.
Sending notification failed
Backup completed!
Starting backup...
Dumping database test_lomb...
Determining files to backup...
Zipping 9630 files and directories...
Created zip containing 9630 files and directories. Size is 65.87 MB
Copying zip to disk named local...
Successfully copied zip to disk named local.
Sending notification failed
Backup completed!
Starting backup...
Dumping database test_lomb...
Determining files to backup...
Zipping 9627 files and directories...
Created zip containing 9627 files and directories. Size is 65.87 MB
Copying zip to disk named local...
Successfully copied zip to disk named local.
Sending notification failed
Backup completed!
Starting backup...
Dumping database test_lomb...
Determining files to backup...
Zipping 9674 files and directories...
Created zip containing 9674 files and directories. Size is 65.89 MB
Copying zip to disk named local...
Successfully copied zip to disk named local.
Sending notification failed
Backup completed!
Starting backup...
Dumping database test_lomb...
Determining files to backup...
Zipping 9728 files and directories...
Created zip containing 9728 files and directories. Size is 65.91 MB
Copying zip to disk named local...
Successfully copied zip to disk named local.
Sending notification failed
Backup completed!
Starting backup...
Dumping database test_lomb...
Determining files to backup...
Zipping 9785 files and directories...
Created zip containing 9785 files and directories. Size is 65.96 MB
Copying zip to disk named local...
Successfully copied zip to disk named local.
Sending notification failed
Backup completed!
Starting backup...
Dumping database test_lomb...
Determining files to backup...
Zipping 9643 files and directories...
Created zip containing 9643 files and directories. Size is 65.92 MB
Copying zip to disk named local...
Successfully copied zip to disk named local.
Sending notification failed
Backup completed!
Starting backup...
Dumping database test_lomb...
Determining files to backup...
Zipping 9690 files and directories...
Created zip containing 9690 files and directories. Size is 65.94 MB
Copying zip to disk named local...
Successfully copied zip to disk named local.
Sending notification failed
Backup completed!
Starting backup...
Dumping database test_lomb...
Determining files to backup...
Zipping 9740 files and directories...
Created zip containing 9740 files and directories. Size is 65.96 MB
Copying zip to disk named local...
Successfully copied zip to disk named local.
Sending notification failed
Backup completed!

   ERROR  There are no commands defined in the "backup" namespace.  


   ERROR  There are no commands defined in the "backup" namespace.  


   ERROR  There are no commands defined in the "backup" namespace.  


   ERROR  There are no commands defined in the "backup" namespace.  


   ERROR  There are no commands defined in the "backup" namespace.  


   ERROR  There are no commands defined in the "backup" namespace.  


   ERROR  There are no commands defined in the "backup" namespace.  


   ERROR  There are no commands defined in the "backup" namespace.  


   ERROR  There are no commands defined in the "backup" namespace.  


   ERROR  There are no commands defined in the "backup" namespace.  


   ERROR  There are no commands defined in the "backup" namespace.  


   ERROR  There are no commands defined in the "backup" namespace.  


   ERROR  There are no commands defined in the "backup" namespace.  


   ERROR  There are no commands defined in the "backup" namespace.  


   ERROR  There are no commands defined in the "backup" namespace.  


   ERROR  There are no commands defined in the "backup" namespace.  


   ERROR  There are no commands defined in the "backup" namespace.  


   ERROR  There are no commands defined in the "backup" namespace.  


   ERROR  There are no commands defined in the "backup" namespace.  


   ERROR  There are no commands defined in the "backup" namespace.  

